// Jest Snapshot v1, https://goo.gl/fbAQLP

exports[`Color component matches color snapshot 1`] = `
<dl>
  <dt>
    Name:
  </dt>
  <dd>
    Red
  </dd>
  <dt>
    Hex:
  </dt>
  <dd>
    #FF0000
  </dd>
  <dt>
    RGB:
  </dt>
  <dd>
    <p>
      Red - 
      255
    </p>
    <p>
      Green - 
      0
    </p>
    <p>
      Blue - 
      0
    </p>
  </dd>
</dl>
`;
